// Vitest Snapshot v1, https://vitest.dev/guide/snapshot.html

exports[`display ScmRepositoryLink component > compare snapshot with previous record 1`] = `
<div>
  <a
    data-discover="true"
    href="/scm-repositories/101"
  >
    testRepo/empty1.git
  </a>
</div>
`;
