// Vitest Snapshot v1, https://vitest.dev/guide/snapshot.html

exports[`display ScmRepositoryDetailPage component > compare snapshot with previous record 1`] = `<div />`;
